Archive member included because of file (symbol)

c:/program files (x86)/atmel/atmel toolchain/avr8 gcc/native/3.4.2.939/avr8-gnu-toolchain/bin/../lib/gcc/avr/4.7.2/avr5\libgcc.a(_mulsi3.o)
                              App/Filt.o (__mulsi3)
c:/program files (x86)/atmel/atmel toolchain/avr8 gcc/native/3.4.2.939/avr8-gnu-toolchain/bin/../lib/gcc/avr/4.7.2/avr5\libgcc.a(_exit.o)
                              c:/program files (x86)/atmel/atmel toolchain/avr8 gcc/native/3.4.2.939/avr8-gnu-toolchain/bin/../lib/gcc/avr/4.7.2/../../../../avr/lib/avr5/crtm328p.o (exit)
c:/program files (x86)/atmel/atmel toolchain/avr8 gcc/native/3.4.2.939/avr8-gnu-toolchain/bin/../lib/gcc/avr/4.7.2/avr5\libgcc.a(_copy_data.o)
                              App/Filt.o (__do_copy_data)
c:/program files (x86)/atmel/atmel toolchain/avr8 gcc/native/3.4.2.939/avr8-gnu-toolchain/bin/../lib/gcc/avr/4.7.2/avr5\libgcc.a(_clear_bss.o)
                              App/Filt.o (__do_clear_bss)
c:/program files (x86)/atmel/atmel toolchain/avr8 gcc/native/3.4.2.939/avr8-gnu-toolchain/bin/../lib/gcc/avr/4.7.2/avr5\libgcc.a(_umulhisi3.o)
                              App/main.o (__umulhisi3)
c:/program files (x86)/atmel/atmel toolchain/avr8 gcc/native/3.4.2.939/avr8-gnu-toolchain/bin/../lib/gcc/avr/4.7.2/avr5\libgcc.a(_muluhisi3.o)
                              c:/program files (x86)/atmel/atmel toolchain/avr8 gcc/native/3.4.2.939/avr8-gnu-toolchain/bin/../lib/gcc/avr/4.7.2/avr5\libgcc.a(_mulsi3.o) (__muluhisi3)
c:/program files (x86)/atmel/atmel toolchain/avr8 gcc/native/3.4.2.939/avr8-gnu-toolchain/bin/../lib/gcc/avr/4.7.2/../../../../avr/lib/avr5\libc.a(iob.o)
                              App/Serial_HAL.o (__iob)
c:/program files (x86)/atmel/atmel toolchain/avr8 gcc/native/3.4.2.939/avr8-gnu-toolchain/bin/../lib/gcc/avr/4.7.2/../../../../avr/lib/avr5\libc.a(printf.o)
                              App/main.o (printf)
c:/program files (x86)/atmel/atmel toolchain/avr8 gcc/native/3.4.2.939/avr8-gnu-toolchain/bin/../lib/gcc/avr/4.7.2/../../../../avr/lib/avr5\libc.a(vfprintf_std.o)
                              c:/program files (x86)/atmel/atmel toolchain/avr8 gcc/native/3.4.2.939/avr8-gnu-toolchain/bin/../lib/gcc/avr/4.7.2/../../../../avr/lib/avr5\libc.a(printf.o) (vfprintf)
c:/program files (x86)/atmel/atmel toolchain/avr8 gcc/native/3.4.2.939/avr8-gnu-toolchain/bin/../lib/gcc/avr/4.7.2/../../../../avr/lib/avr5\libc.a(strnlen_P.o)
                              c:/program files (x86)/atmel/atmel toolchain/avr8 gcc/native/3.4.2.939/avr8-gnu-toolchain/bin/../lib/gcc/avr/4.7.2/../../../../avr/lib/avr5\libc.a(vfprintf_std.o) (strnlen_P)
c:/program files (x86)/atmel/atmel toolchain/avr8 gcc/native/3.4.2.939/avr8-gnu-toolchain/bin/../lib/gcc/avr/4.7.2/../../../../avr/lib/avr5\libc.a(strnlen.o)
                              c:/program files (x86)/atmel/atmel toolchain/avr8 gcc/native/3.4.2.939/avr8-gnu-toolchain/bin/../lib/gcc/avr/4.7.2/../../../../avr/lib/avr5\libc.a(vfprintf_std.o) (strnlen)
c:/program files (x86)/atmel/atmel toolchain/avr8 gcc/native/3.4.2.939/avr8-gnu-toolchain/bin/../lib/gcc/avr/4.7.2/../../../../avr/lib/avr5\libc.a(fputc.o)
                              c:/program files (x86)/atmel/atmel toolchain/avr8 gcc/native/3.4.2.939/avr8-gnu-toolchain/bin/../lib/gcc/avr/4.7.2/../../../../avr/lib/avr5\libc.a(vfprintf_std.o) (fputc)
c:/program files (x86)/atmel/atmel toolchain/avr8 gcc/native/3.4.2.939/avr8-gnu-toolchain/bin/../lib/gcc/avr/4.7.2/../../../../avr/lib/avr5\libc.a(ultoa_invert.o)
                              c:/program files (x86)/atmel/atmel toolchain/avr8 gcc/native/3.4.2.939/avr8-gnu-toolchain/bin/../lib/gcc/avr/4.7.2/../../../../avr/lib/avr5\libc.a(vfprintf_std.o) (__ultoa_invert)
c:/program files (x86)/atmel/atmel toolchain/avr8 gcc/native/3.4.2.939/avr8-gnu-toolchain/bin/../lib/gcc/avr/4.7.2/avr5\libgcc.a(_prologue.o)
                              c:/program files (x86)/atmel/atmel toolchain/avr8 gcc/native/3.4.2.939/avr8-gnu-toolchain/bin/../lib/gcc/avr/4.7.2/../../../../avr/lib/avr5\libc.a(printf.o) (__prologue_saves__)
c:/program files (x86)/atmel/atmel toolchain/avr8 gcc/native/3.4.2.939/avr8-gnu-toolchain/bin/../lib/gcc/avr/4.7.2/avr5\libgcc.a(_epilogue.o)
                              c:/program files (x86)/atmel/atmel toolchain/avr8 gcc/native/3.4.2.939/avr8-gnu-toolchain/bin/../lib/gcc/avr/4.7.2/../../../../avr/lib/avr5\libc.a(printf.o) (__epilogue_restores__)

Allocating common symbols
Common symbol       size              file

uartTxBuff          0x19              App/Globals.o
uartRxBuff          0x19              App/Globals.o
ADCDataBuffer       0x3c              App/Globals.o
__iob               0x6               c:/program files (x86)/atmel/atmel toolchain/avr8 gcc/native/3.4.2.939/avr8-gnu-toolchain/bin/../lib/gcc/avr/4.7.2/../../../../avr/lib/avr5\libc.a(iob.o)

Discarded input sections

 .bss           0x00000000        0x0 c:/program files (x86)/atmel/atmel toolchain/avr8 gcc/native/3.4.2.939/avr8-gnu-toolchain/bin/../lib/gcc/avr/4.7.2/../../../../avr/lib/avr5/crtm328p.o
 .group         0x00000000        0x8 App/ADC_HAL.o
 .group         0x00000000        0x8 App/ADC_HAL.o
 .group         0x00000000        0x8 App/ADC_HAL.o
 .group         0x00000000        0x8 App/ADC_HAL.o
 .group         0x00000000        0x8 App/ADC_HAL.o
 .group         0x00000000        0x8 App/ADC_HAL.o
 .group         0x00000000        0x8 App/ADC_HAL.o
 .group         0x00000000        0x8 App/ADC_HAL.o
 .group         0x00000000        0x8 App/ADC_HAL.o
 .group         0x00000000        0x8 App/ADC_HAL.o
 .group         0x00000000        0x8 App/ADC_HAL.o
 .group         0x00000000        0x8 App/ADC_HAL.o
 .group         0x00000000        0x8 App/ADC_HAL.o
 .group         0x00000000        0x8 App/ADC_HAL.o
 .text          0x00000000        0x0 App/ADC_HAL.o
 .bss           0x00000000        0x0 App/ADC_HAL.o
 .group         0x00000000        0x8 App/Macros.o
 .group         0x00000000        0x8 App/Macros.o
 .group         0x00000000        0x8 App/Macros.o
 .group         0x00000000        0x8 App/Macros.o
 .group         0x00000000        0x8 App/Macros.o
 .group         0x00000000        0x8 App/Macros.o
 .group         0x00000000        0x8 App/Macros.o
 .group         0x00000000        0x8 App/Macros.o
 .group         0x00000000        0x8 App/Macros.o
 .group         0x00000000        0x8 App/Macros.o
 .group         0x00000000        0x8 App/Macros.o
 .group         0x00000000        0x8 App/Macros.o
 .group         0x00000000        0x8 App/Macros.o
 .group         0x00000000        0x8 App/Macros.o
 .group         0x00000000        0x8 App/Macros.o
 .group         0x00000000        0x8 App/Macros.o
 .text          0x00000000        0x0 App/Macros.o
 .bss           0x00000000        0x0 App/Macros.o
 .text.turnOffAnalog
                0x00000000       0x20 App/Macros.o
 .text.turnOffRespLED
                0x00000000       0x20 App/Macros.o
 .text.turnOffECGLED
                0x00000000       0x20 App/Macros.o
 .text.stopBlinkRespLED
                0x00000000       0x16 App/Macros.o
 .text.stopBlinkECGLED
                0x00000000       0x16 App/Macros.o
 .text.startBlinkSpeaker
                0x00000000       0x24 App/Macros.o
 .text.stopBlinkSpeaker
                0x00000000       0x16 App/Macros.o
 .text.chirpSpeaker
                0x00000000       0x40 App/Macros.o
 .debug_macro   0x00000000      0x5aa App/Macros.o
 .debug_macro   0x00000000       0x10 App/Macros.o
 .debug_macro   0x00000000      0x1ad App/Macros.o
 .debug_macro   0x00000000      0x293 App/Macros.o
 .debug_macro   0x00000000       0x9e App/Macros.o
 .debug_macro   0x00000000     0x13a0 App/Macros.o
 .debug_macro   0x00000000      0x13a App/Macros.o
 .debug_macro   0x00000000       0xbd App/Macros.o
 .debug_macro   0x00000000       0x34 App/Macros.o
 .debug_macro   0x00000000       0x18 App/Macros.o
 .debug_macro   0x00000000       0x6c App/Macros.o
 .debug_macro   0x00000000       0x16 App/Macros.o
 .group         0x00000000        0x8 App/ISR.o
 .group         0x00000000        0x8 App/ISR.o
 .group         0x00000000        0x8 App/ISR.o
 .group         0x00000000        0x8 App/ISR.o
 .group         0x00000000        0x8 App/ISR.o
 .group         0x00000000        0x8 App/ISR.o
 .group         0x00000000        0x8 App/ISR.o
 .group         0x00000000        0x8 App/ISR.o
 .group         0x00000000        0x8 App/ISR.o
 .group         0x00000000        0x8 App/ISR.o
 .group         0x00000000        0x8 App/ISR.o
 .group         0x00000000        0x8 App/ISR.o
 .group         0x00000000        0x8 App/ISR.o
 .group         0x00000000        0x8 App/ISR.o
 .group         0x00000000        0x8 App/ISR.o
 .group         0x00000000        0x8 App/ISR.o
 .group         0x00000000        0x8 App/ISR.o
 .group         0x00000000        0x8 App/ISR.o
 .text          0x00000000        0x0 App/ISR.o
 .bss           0x00000000        0x0 App/ISR.o
 .debug_macro   0x00000000      0x5aa App/ISR.o
 .debug_macro   0x00000000       0x10 App/ISR.o
 .debug_macro   0x00000000      0x1ad App/ISR.o
 .debug_macro   0x00000000      0x293 App/ISR.o
 .debug_macro   0x00000000       0x9e App/ISR.o
 .debug_macro   0x00000000     0x13a0 App/ISR.o
 .debug_macro   0x00000000      0x13a App/ISR.o
 .debug_macro   0x00000000       0xbd App/ISR.o
 .debug_macro   0x00000000       0x34 App/ISR.o
 .debug_macro   0x00000000       0x18 App/ISR.o
 .debug_macro   0x00000000       0x6c App/ISR.o
 .debug_macro   0x00000000       0x69 App/ISR.o
 .debug_macro   0x00000000       0x16 App/ISR.o
 .debug_macro   0x00000000       0x28 App/ISR.o
 .group         0x00000000        0x8 App/Filt.o
 .group         0x00000000        0x8 App/Filt.o
 .group         0x00000000        0x8 App/Filt.o
 .group         0x00000000        0x8 App/Filt.o
 .group         0x00000000        0x8 App/Filt.o
 .group         0x00000000        0x8 App/Filt.o
 .group         0x00000000        0x8 App/Filt.o
 .group         0x00000000        0x8 App/Filt.o
 .group         0x00000000        0x8 App/Filt.o
 .group         0x00000000        0x8 App/Filt.o
 .group         0x00000000        0x8 App/Filt.o
 .group         0x00000000        0x8 App/Filt.o
 .group         0x00000000        0x8 App/Filt.o
 .group         0x00000000        0x8 App/Filt.o
 .group         0x00000000        0x8 App/Filt.o
 .text          0x00000000        0x0 App/Filt.o
 .bss           0x00000000        0x0 App/Filt.o
 .debug_macro   0x00000000      0x5aa App/Filt.o
 .debug_macro   0x00000000       0x10 App/Filt.o
 .debug_macro   0x00000000      0x1ad App/Filt.o
 .debug_macro   0x00000000      0x293 App/Filt.o
 .debug_macro   0x00000000       0x9e App/Filt.o
 .debug_macro   0x00000000     0x13a0 App/Filt.o
 .debug_macro   0x00000000      0x13a App/Filt.o
 .debug_macro   0x00000000       0xbd App/Filt.o
 .debug_macro   0x00000000       0x34 App/Filt.o
 .debug_macro   0x00000000       0x18 App/Filt.o
 .debug_macro   0x00000000       0x6c App/Filt.o
 .debug_macro   0x00000000       0x69 App/Filt.o
 .debug_macro   0x00000000       0x16 App/Filt.o
 .debug_macro   0x00000000       0x28 App/Filt.o
 .group         0x00000000        0x8 App/Globals.o
 .group         0x00000000        0x8 App/Globals.o
 .group         0x00000000        0x8 App/Globals.o
 .group         0x00000000        0x8 App/Globals.o
 .group         0x00000000        0x8 App/Globals.o
 .group         0x00000000        0x8 App/Globals.o
 .group         0x00000000        0x8 App/Globals.o
 .group         0x00000000        0x8 App/Globals.o
 .group         0x00000000        0x8 App/Globals.o
 .group         0x00000000        0x8 App/Globals.o
 .group         0x00000000        0x8 App/Globals.o
 .group         0x00000000        0x8 App/Globals.o
 .group         0x00000000        0x8 App/Globals.o
 .text          0x00000000        0x0 App/Globals.o
 .bss           0x00000000        0x0 App/Globals.o
 .bss.uartRxBufferTailPtr
                0x00000000        0x1 App/Globals.o
 .debug_macro   0x00000000      0x5aa App/Globals.o
 .debug_macro   0x00000000      0x1ad App/Globals.o
 .debug_macro   0x00000000       0x10 App/Globals.o
 .debug_macro   0x00000000       0x9e App/Globals.o
 .debug_macro   0x00000000     0x13a0 App/Globals.o
 .debug_macro   0x00000000      0x13a App/Globals.o
 .debug_macro   0x00000000       0xbd App/Globals.o
 .debug_macro   0x00000000       0x34 App/Globals.o
 .debug_macro   0x00000000       0x18 App/Globals.o
 .debug_macro   0x00000000       0x6c App/Globals.o
 .group         0x00000000        0x8 App/main.o
 .group         0x00000000        0x8 App/main.o
 .group         0x00000000        0x8 App/main.o
 .group         0x00000000        0x8 App/main.o
 .group         0x00000000        0x8 App/main.o
 .group         0x00000000        0x8 App/main.o
 .group         0x00000000        0x8 App/main.o
 .group         0x00000000        0x8 App/main.o
 .group         0x00000000        0x8 App/main.o
 .group         0x00000000        0x8 App/main.o
 .group         0x00000000        0x8 App/main.o
 .group         0x00000000        0x8 App/main.o
 .group         0x00000000        0x8 App/main.o
 .group         0x00000000        0x8 App/main.o
 .group         0x00000000        0x8 App/main.o
 .group         0x00000000        0x8 App/main.o
 .group         0x00000000        0x8 App/main.o
 .group         0x00000000        0x8 App/main.o
 .group         0x00000000        0x8 App/main.o
 .group         0x00000000        0x8 App/main.o
 .group         0x00000000        0x8 App/main.o
 .group         0x00000000        0x8 App/main.o
 .group         0x00000000        0x8 App/main.o
 .group         0x00000000        0x8 App/main.o
 .group         0x00000000        0x8 App/main.o
 .group         0x00000000        0x8 App/main.o
 .group         0x00000000        0x8 App/main.o
 .text          0x00000000        0x0 App/main.o
 .bss           0x00000000        0x0 App/main.o
 .data.mystdout
                0x00000000        0xe App/main.o
 .debug_macro   0x00000000      0x5aa App/main.o
 .debug_macro   0x00000000       0x10 App/main.o
 .debug_macro   0x00000000      0x1ad App/main.o
 .debug_macro   0x00000000      0x293 App/main.o
 .debug_macro   0x00000000       0x9e App/main.o
 .debug_macro   0x00000000     0x13a0 App/main.o
 .debug_macro   0x00000000      0x13a App/main.o
 .debug_macro   0x00000000       0xbd App/main.o
 .debug_macro   0x00000000       0x34 App/main.o
 .debug_macro   0x00000000       0x18 App/main.o
 .debug_macro   0x00000000       0x6c App/main.o
 .debug_macro   0x00000000       0x69 App/main.o
 .debug_macro   0x00000000       0x6c App/main.o
 .debug_macro   0x00000000       0x16 App/main.o
 .debug_macro   0x00000000       0x2e App/main.o
 .debug_macro   0x00000000       0x3a App/main.o
 .group         0x00000000        0x8 App/Init.o
 .group         0x00000000        0x8 App/Init.o
 .group         0x00000000        0x8 App/Init.o
 .group         0x00000000        0x8 App/Init.o
 .group         0x00000000        0x8 App/Init.o
 .group         0x00000000        0x8 App/Init.o
 .group         0x00000000        0x8 App/Init.o
 .group         0x00000000        0x8 App/Init.o
 .group         0x00000000        0x8 App/Init.o
 .group         0x00000000        0x8 App/Init.o
 .group         0x00000000        0x8 App/Init.o
 .group         0x00000000        0x8 App/Init.o
 .group         0x00000000        0x8 App/Init.o
 .group         0x00000000        0x8 App/Init.o
 .group         0x00000000        0x8 App/Init.o
 .group         0x00000000        0x8 App/Init.o
 .group         0x00000000        0x8 App/Init.o
 .group         0x00000000        0x8 App/Init.o
 .group         0x00000000        0x8 App/Init.o
 .group         0x00000000        0x8 App/Init.o
 .group         0x00000000        0x8 App/Init.o
 .text          0x00000000        0x0 App/Init.o
 .bss           0x00000000        0x0 App/Init.o
 .data.mystdout
                0x00000000        0xe App/Init.o
 .debug_macro   0x00000000      0x5aa App/Init.o
 .debug_macro   0x00000000       0x10 App/Init.o
 .debug_macro   0x00000000      0x1ad App/Init.o
 .debug_macro   0x00000000      0x293 App/Init.o
 .debug_macro   0x00000000       0x9e App/Init.o
 .debug_macro   0x00000000     0x13a0 App/Init.o
 .debug_macro   0x00000000      0x13a App/Init.o
 .debug_macro   0x00000000       0xbd App/Init.o
 .debug_macro   0x00000000       0x34 App/Init.o
 .debug_macro   0x00000000       0x18 App/Init.o
 .debug_macro   0x00000000       0x6c App/Init.o
 .debug_macro   0x00000000       0x69 App/Init.o
 .debug_macro   0x00000000       0x16 App/Init.o
 .debug_macro   0x00000000       0x2e App/Init.o
 .debug_macro   0x00000000       0x16 App/Init.o
 .debug_macro   0x00000000       0x10 App/Init.o
 .debug_macro   0x00000000       0x58 App/Init.o
 .debug_macro   0x00000000       0x10 App/Init.o
 .debug_macro   0x00000000       0x97 App/Init.o
 .debug_macro   0x00000000       0xeb App/Init.o
 .debug_macro   0x00000000       0x58 App/Init.o
 .group         0x00000000        0x8 App/Pot_HAL.o
 .group         0x00000000        0x8 App/Pot_HAL.o
 .group         0x00000000        0x8 App/Pot_HAL.o
 .group         0x00000000        0x8 App/Pot_HAL.o
 .group         0x00000000        0x8 App/Pot_HAL.o
 .group         0x00000000        0x8 App/Pot_HAL.o
 .group         0x00000000        0x8 App/Pot_HAL.o
 .group         0x00000000        0x8 App/Pot_HAL.o
 .group         0x00000000        0x8 App/Pot_HAL.o
 .group         0x00000000        0x8 App/Pot_HAL.o
 .group         0x00000000        0x8 App/Pot_HAL.o
 .group         0x00000000        0x8 App/Pot_HAL.o
 .group         0x00000000        0x8 App/Pot_HAL.o
 .text          0x00000000        0x0 App/Pot_HAL.o
 .bss           0x00000000        0x0 App/Pot_HAL.o
 .debug_macro   0x00000000      0x5aa App/Pot_HAL.o
 .debug_macro   0x00000000       0x10 App/Pot_HAL.o
 .debug_macro   0x00000000      0x1ad App/Pot_HAL.o
 .debug_macro   0x00000000      0x293 App/Pot_HAL.o
 .debug_macro   0x00000000       0x9e App/Pot_HAL.o
 .debug_macro   0x00000000     0x13a0 App/Pot_HAL.o
 .debug_macro   0x00000000      0x13a App/Pot_HAL.o
 .debug_macro   0x00000000       0xbd App/Pot_HAL.o
 .debug_macro   0x00000000       0x34 App/Pot_HAL.o
 .debug_macro   0x00000000       0x18 App/Pot_HAL.o
 .debug_macro   0x00000000       0x6c App/Pot_HAL.o
 .debug_macro   0x00000000       0x69 App/Pot_HAL.o
 .debug_macro   0x00000000       0x3a App/Pot_HAL.o
 .group         0x00000000        0x8 App/Serial_HAL.o
 .group         0x00000000        0x8 App/Serial_HAL.o
 .group         0x00000000        0x8 App/Serial_HAL.o
 .group         0x00000000        0x8 App/Serial_HAL.o
 .group         0x00000000        0x8 App/Serial_HAL.o
 .group         0x00000000        0x8 App/Serial_HAL.o
 .group         0x00000000        0x8 App/Serial_HAL.o
 .group         0x00000000        0x8 App/Serial_HAL.o
 .group         0x00000000        0x8 App/Serial_HAL.o
 .group         0x00000000        0x8 App/Serial_HAL.o
 .group         0x00000000        0x8 App/Serial_HAL.o
 .group         0x00000000        0x8 App/Serial_HAL.o
 .group         0x00000000        0x8 App/Serial_HAL.o
 .group         0x00000000        0x8 App/Serial_HAL.o
 .group         0x00000000        0x8 App/Serial_HAL.o
 .group         0x00000000        0x8 App/Serial_HAL.o
 .group         0x00000000        0x8 App/Serial_HAL.o
 .group         0x00000000        0x8 App/Serial_HAL.o
 .group         0x00000000        0x8 App/Serial_HAL.o
 .text          0x00000000        0x0 App/Serial_HAL.o
 .bss           0x00000000        0x0 App/Serial_HAL.o
 .text.RetrieveChar
                0x00000000       0x56 App/Serial_HAL.o
 .debug_macro   0x00000000      0x5aa App/Serial_HAL.o
 .debug_macro   0x00000000       0x10 App/Serial_HAL.o
 .debug_macro   0x00000000       0x10 App/Serial_HAL.o
 .debug_macro   0x00000000      0x1ad App/Serial_HAL.o
 .debug_macro   0x00000000      0x293 App/Serial_HAL.o
 .debug_macro   0x00000000       0x9e App/Serial_HAL.o
 .debug_macro   0x00000000     0x13a0 App/Serial_HAL.o
 .debug_macro   0x00000000      0x13a App/Serial_HAL.o
 .debug_macro   0x00000000       0xbd App/Serial_HAL.o
 .debug_macro   0x00000000       0x34 App/Serial_HAL.o
 .debug_macro   0x00000000       0x18 App/Serial_HAL.o
 .debug_macro   0x00000000       0x6c App/Serial_HAL.o
 .debug_macro   0x00000000       0x69 App/Serial_HAL.o
 .debug_macro   0x00000000       0x58 App/Serial_HAL.o
 .debug_macro   0x00000000       0x10 App/Serial_HAL.o
 .debug_macro   0x00000000       0x97 App/Serial_HAL.o
 .debug_macro   0x00000000       0xeb App/Serial_HAL.o
 .debug_macro   0x00000000       0x16 App/Serial_HAL.o
 .debug_macro   0x00000000       0x2e App/Serial_HAL.o
 .text          0x00000000        0x0 c:/program files (x86)/atmel/atmel toolchain/avr8 gcc/native/3.4.2.939/avr8-gnu-toolchain/bin/../lib/gcc/avr/4.7.2/avr5\libgcc.a(_mulsi3.o)
 .bss           0x00000000        0x0 c:/program files (x86)/atmel/atmel toolchain/avr8 gcc/native/3.4.2.939/avr8-gnu-toolchain/bin/../lib/gcc/avr/4.7.2/avr5\libgcc.a(_mulsi3.o)
 .text.libgcc.div
                0x00000000        0x0 c:/program files (x86)/atmel/atmel toolchain/avr8 gcc/native/3.4.2.939/avr8-gnu-toolchain/bin/../lib/gcc/avr/4.7.2/avr5\libgcc.a(_mulsi3.o)
 .text.libgcc   0x00000000        0x0 c:/program files (x86)/atmel/atmel toolchain/avr8 gcc/native/3.4.2.939/avr8-gnu-toolchain/bin/../lib/gcc/avr/4.7.2/avr5\libgcc.a(_mulsi3.o)
 .text.libgcc.prologue
                0x00000000        0x0 c:/program files (x86)/atmel/atmel toolchain/avr8 gcc/native/3.4.2.939/avr8-gnu-toolchain/bin/../lib/gcc/avr/4.7.2/avr5\libgcc.a(_mulsi3.o)
 .text.libgcc.builtins
                0x00000000        0x0 c:/program files (x86)/atmel/atmel toolchain/avr8 gcc/native/3.4.2.939/avr8-gnu-toolchain/bin/../lib/gcc/avr/4.7.2/avr5\libgcc.a(_mulsi3.o)
 .text.libgcc.fmul
                0x00000000        0x0 c:/program files (x86)/atmel/atmel toolchain/avr8 gcc/native/3.4.2.939/avr8-gnu-toolchain/bin/../lib/gcc/avr/4.7.2/avr5\libgcc.a(_mulsi3.o)
 .text          0x00000000        0x0 c:/program files (x86)/atmel/atmel toolchain/avr8 gcc/native/3.4.2.939/avr8-gnu-toolchain/bin/../lib/gcc/avr/4.7.2/avr5\libgcc.a(_exit.o)
 .bss           0x00000000        0x0 c:/program files (x86)/atmel/atmel toolchain/avr8 gcc/native/3.4.2.939/avr8-gnu-toolchain/bin/../lib/gcc/avr/4.7.2/avr5\libgcc.a(_exit.o)
 .text.libgcc.mul
                0x00000000        0x0 c:/program files (x86)/atmel/atmel toolchain/avr8 gcc/native/3.4.2.939/avr8-gnu-toolchain/bin/../lib/gcc/avr/4.7.2/avr5\libgcc.a(_exit.o)
 .text.libgcc.div
                0x00000000        0x0 c:/program files (x86)/atmel/atmel toolchain/avr8 gcc/native/3.4.2.939/avr8-gnu-toolchain/bin/../lib/gcc/avr/4.7.2/avr5\libgcc.a(_exit.o)
 .text.libgcc   0x00000000        0x0 c:/program files (x86)/atmel/atmel toolchain/avr8 gcc/native/3.4.2.939/avr8-gnu-toolchain/bin/../lib/gcc/avr/4.7.2/avr5\libgcc.a(_exit.o)
 .text.libgcc.prologue
                0x00000000        0x0 c:/program files (x86)/atmel/atmel toolchain/avr8 gcc/native/3.4.2.939/avr8-gnu-toolchain/bin/../lib/gcc/avr/4.7.2/avr5\libgcc.a(_exit.o)
 .text.libgcc.builtins
                0x00000000        0x0 c:/program files (x86)/atmel/atmel toolchain/avr8 gcc/native/3.4.2.939/avr8-gnu-toolchain/bin/../lib/gcc/avr/4.7.2/avr5\libgcc.a(_exit.o)
 .text.libgcc.fmul
                0x00000000        0x0 c:/program files (x86)/atmel/atmel toolchain/avr8 gcc/native/3.4.2.939/avr8-gnu-toolchain/bin/../lib/gcc/avr/4.7.2/avr5\libgcc.a(_exit.o)
 .text          0x00000000        0x0 c:/program files (x86)/atmel/atmel toolchain/avr8 gcc/native/3.4.2.939/avr8-gnu-toolchain/bin/../lib/gcc/avr/4.7.2/avr5\libgcc.a(_copy_data.o)
 .bss           0x00000000        0x0 c:/program files (x86)/atmel/atmel toolchain/avr8 gcc/native/3.4.2.939/avr8-gnu-toolchain/bin/../lib/gcc/avr/4.7.2/avr5\libgcc.a(_copy_data.o)
 .text.libgcc.mul
                0x00000000        0x0 c:/program files (x86)/atmel/atmel toolchain/avr8 gcc/native/3.4.2.939/avr8-gnu-toolchain/bin/../lib/gcc/avr/4.7.2/avr5\libgcc.a(_copy_data.o)
 .text.libgcc.div
                0x00000000        0x0 c:/program files (x86)/atmel/atmel toolchain/avr8 gcc/native/3.4.2.939/avr8-gnu-toolchain/bin/../lib/gcc/avr/4.7.2/avr5\libgcc.a(_copy_data.o)
 .text.libgcc   0x00000000        0x0 c:/program files (x86)/atmel/atmel toolchain/avr8 gcc/native/3.4.2.939/avr8-gnu-toolchain/bin/../lib/gcc/avr/4.7.2/avr5\libgcc.a(_copy_data.o)
 .text.libgcc.prologue
                0x00000000        0x0 c:/program files (x86)/atmel/atmel toolchain/avr8 gcc/native/3.4.2.939/avr8-gnu-toolchain/bin/../lib/gcc/avr/4.7.2/avr5\libgcc.a(_copy_data.o)
 .text.libgcc.builtins
                0x00000000        0x0 c:/program files (x86)/atmel/atmel toolchain/avr8 gcc/native/3.4.2.939/avr8-gnu-toolchain/bin/../lib/gcc/avr/4.7.2/avr5\libgcc.a(_copy_data.o)
 .text.libgcc.fmul
                0x00000000        0x0 c:/program files (x86)/atmel/atmel toolchain/avr8 gcc/native/3.4.2.939/avr8-gnu-toolchain/bin/../lib/gcc/avr/4.7.2/avr5\libgcc.a(_copy_data.o)
 .text          0x00000000        0x0 c:/program files (x86)/atmel/atmel toolchain/avr8 gcc/native/3.4.2.939/avr8-gnu-toolchain/bin/../lib/gcc/avr/4.7.2/avr5\libgcc.a(_clear_bss.o)
 .bss           0x00000000        0x0 c:/program files (x86)/atmel/atmel toolchain/avr8 gcc/native/3.4.2.939/avr8-gnu-toolchain/bin/../lib/gcc/avr/4.7.2/avr5\libgcc.a(_clear_bss.o)
 .text.libgcc.mul
                0x00000000        0x0 c:/program files (x86)/atmel/atmel toolchain/avr8 gcc/native/3.4.2.939/avr8-gnu-toolchain/bin/../lib/gcc/avr/4.7.2/avr5\libgcc.a(_clear_bss.o)
 .text.libgcc.div
                0x00000000        0x0 c:/program files (x86)/atmel/atmel toolchain/avr8 gcc/native/3.4.2.939/avr8-gnu-toolchain/bin/../lib/gcc/avr/4.7.2/avr5\libgcc.a(_clear_bss.o)
 .text.libgcc   0x00000000        0x0 c:/program files (x86)/atmel/atmel toolchain/avr8 gcc/native/3.4.2.939/avr8-gnu-toolchain/bin/../lib/gcc/avr/4.7.2/avr5\libgcc.a(_clear_bss.o)
 .text.libgcc.prologue
                0x00000000        0x0 c:/program files (x86)/atmel/atmel toolchain/avr8 gcc/native/3.4.2.939/avr8-gnu-toolchain/bin/../lib/gcc/avr/4.7.2/avr5\libgcc.a(_clear_bss.o)
 .text.libgcc.builtins
                0x00000000        0x0 c:/program files (x86)/atmel/atmel toolchain/avr8 gcc/native/3.4.2.939/avr8-gnu-toolchain/bin/../lib/gcc/avr/4.7.2/avr5\libgcc.a(_clear_bss.o)
 .text.libgcc.fmul
                0x00000000        0x0 c:/program files (x86)/atmel/atmel toolchain/avr8 gcc/native/3.4.2.939/avr8-gnu-toolchain/bin/../lib/gcc/avr/4.7.2/avr5\libgcc.a(_clear_bss.o)
 .text          0x00000000        0x0 c:/program files (x86)/atmel/atmel toolchain/avr8 gcc/native/3.4.2.939/avr8-gnu-toolchain/bin/../lib/gcc/avr/4.7.2/avr5\libgcc.a(_umulhisi3.o)
 .bss           0x00000000        0x0 c:/program files (x86)/atmel/atmel toolchain/avr8 gcc/native/3.4.2.939/avr8-gnu-toolchain/bin/../lib/gcc/avr/4.7.2/avr5\libgcc.a(_umulhisi3.o)
 .text.libgcc.div
                0x00000000        0x0 c:/program files (x86)/atmel/atmel toolchain/avr8 gcc/native/3.4.2.939/avr8-gnu-toolchain/bin/../lib/gcc/avr/4.7.2/avr5\libgcc.a(_umulhisi3.o)
 .text.libgcc   0x00000000        0x0 c:/program files (x86)/atmel/atmel toolchain/avr8 gcc/native/3.4.2.939/avr8-gnu-toolchain/bin/../lib/gcc/avr/4.7.2/avr5\libgcc.a(_umulhisi3.o)
 .text.libgcc.prologue
                0x00000000        0x0 c:/program files (x86)/atmel/atmel toolchain/avr8 gcc/native/3.4.2.939/avr8-gnu-toolchain/bin/../lib/gcc/avr/4.7.2/avr5\libgcc.a(_umulhisi3.o)
 .text.libgcc.builtins
                0x00000000        0x0 c:/program files (x86)/atmel/atmel toolchain/avr8 gcc/native/3.4.2.939/avr8-gnu-toolchain/bin/../lib/gcc/avr/4.7.2/avr5\libgcc.a(_umulhisi3.o)
 .text.libgcc.fmul
                0x00000000        0x0 c:/program files (x86)/atmel/atmel toolchain/avr8 gcc/native/3.4.2.939/avr8-gnu-toolchain/bin/../lib/gcc/avr/4.7.2/avr5\libgcc.a(_umulhisi3.o)
 .text          0x00000000        0x0 c:/program files (x86)/atmel/atmel toolchain/avr8 gcc/native/3.4.2.939/avr8-gnu-toolchain/bin/../lib/gcc/avr/4.7.2/avr5\libgcc.a(_muluhisi3.o)
 .bss           0x00000000        0x0 c:/program files (x86)/atmel/atmel toolchain/avr8 gcc/native/3.4.2.939/avr8-gnu-toolchain/bin/../lib/gcc/avr/4.7.2/avr5\libgcc.a(_muluhisi3.o)
 .text.libgcc.div
                0x00000000        0x0 c:/program files (x86)/atmel/atmel toolchain/avr8 gcc/native/3.4.2.939/avr8-gnu-toolchain/bin/../lib/gcc/avr/4.7.2/avr5\libgcc.a(_muluhisi3.o)
 .text.libgcc   0x00000000        0x0 c:/program files (x86)/atmel/atmel toolchain/avr8 gcc/native/3.4.2.939/avr8-gnu-toolchain/bin/../lib/gcc/avr/4.7.2/avr5\libgcc.a(_muluhisi3.o)
 .text.libgcc.prologue
                0x00000000        0x0 c:/program files (x86)/atmel/atmel toolchain/avr8 gcc/native/3.4.2.939/avr8-gnu-toolchain/bin/../lib/gcc/avr/4.7.2/avr5\libgcc.a(_muluhisi3.o)
 .text.libgcc.builtins
                0x00000000        0x0 c:/program files (x86)/atmel/atmel toolchain/avr8 gcc/native/3.4.2.939/avr8-gnu-toolchain/bin/../lib/gcc/avr/4.7.2/avr5\libgcc.a(_muluhisi3.o)
 .text.libgcc.fmul
                0x00000000        0x0 c:/program files (x86)/atmel/atmel toolchain/avr8 gcc/native/3.4.2.939/avr8-gnu-toolchain/bin/../lib/gcc/avr/4.7.2/avr5\libgcc.a(_muluhisi3.o)
 .text          0x00000000        0x0 c:/program files (x86)/atmel/atmel toolchain/avr8 gcc/native/3.4.2.939/avr8-gnu-toolchain/bin/../lib/gcc/avr/4.7.2/../../../../avr/lib/avr5\libc.a(iob.o)
 .bss           0x00000000        0x0 c:/program files (x86)/atmel/atmel toolchain/avr8 gcc/native/3.4.2.939/avr8-gnu-toolchain/bin/../lib/gcc/avr/4.7.2/../../../../avr/lib/avr5\libc.a(iob.o)
 .text          0x00000000        0x0 c:/program files (x86)/atmel/atmel toolchain/avr8 gcc/native/3.4.2.939/avr8-gnu-toolchain/bin/../lib/gcc/avr/4.7.2/../../../../avr/lib/avr5\libc.a(printf.o)
 .bss           0x00000000        0x0 c:/program files (x86)/atmel/atmel toolchain/avr8 gcc/native/3.4.2.939/avr8-gnu-toolchain/bin/../lib/gcc/avr/4.7.2/../../../../avr/lib/avr5\libc.a(printf.o)
 .text          0x00000000        0x0 c:/program files (x86)/atmel/atmel toolchain/avr8 gcc/native/3.4.2.939/avr8-gnu-toolchain/bin/../lib/gcc/avr/4.7.2/../../../../avr/lib/avr5\libc.a(vfprintf_std.o)
 .bss           0x00000000        0x0 c:/program files (x86)/atmel/atmel toolchain/avr8 gcc/native/3.4.2.939/avr8-gnu-toolchain/bin/../lib/gcc/avr/4.7.2/../../../../avr/lib/avr5\libc.a(vfprintf_std.o)
 .text          0x00000000        0x0 c:/program files (x86)/atmel/atmel toolchain/avr8 gcc/native/3.4.2.939/avr8-gnu-toolchain/bin/../lib/gcc/avr/4.7.2/../../../../avr/lib/avr5\libc.a(strnlen_P.o)
 .bss           0x00000000        0x0 c:/program files (x86)/atmel/atmel toolchain/avr8 gcc/native/3.4.2.939/avr8-gnu-toolchain/bin/../lib/gcc/avr/4.7.2/../../../../avr/lib/avr5\libc.a(strnlen_P.o)
 .text          0x00000000        0x0 c:/program files (x86)/atmel/atmel toolchain/avr8 gcc/native/3.4.2.939/avr8-gnu-toolchain/bin/../lib/gcc/avr/4.7.2/../../../../avr/lib/avr5\libc.a(strnlen.o)
 .bss           0x00000000        0x0 c:/program files (x86)/atmel/atmel toolchain/avr8 gcc/native/3.4.2.939/avr8-gnu-toolchain/bin/../lib/gcc/avr/4.7.2/../../../../avr/lib/avr5\libc.a(strnlen.o)
 .text          0x00000000        0x0 c:/program files (x86)/atmel/atmel toolchain/avr8 gcc/native/3.4.2.939/avr8-gnu-toolchain/bin/../lib/gcc/avr/4.7.2/../../../../avr/lib/avr5\libc.a(fputc.o)
 .bss           0x00000000        0x0 c:/program files (x86)/atmel/atmel toolchain/avr8 gcc/native/3.4.2.939/avr8-gnu-toolchain/bin/../lib/gcc/avr/4.7.2/../../../../avr/lib/avr5\libc.a(fputc.o)
 .text          0x00000000        0x0 c:/program files (x86)/atmel/atmel toolchain/avr8 gcc/native/3.4.2.939/avr8-gnu-toolchain/bin/../lib/gcc/avr/4.7.2/../../../../avr/lib/avr5\libc.a(ultoa_invert.o)
 .bss           0x00000000        0x0 c:/program files (x86)/atmel/atmel toolchain/avr8 gcc/native/3.4.2.939/avr8-gnu-toolchain/bin/../lib/gcc/avr/4.7.2/../../../../avr/lib/avr5\libc.a(ultoa_invert.o)
 .text          0x00000000        0x0 c:/program files (x86)/atmel/atmel toolchain/avr8 gcc/native/3.4.2.939/avr8-gnu-toolchain/bin/../lib/gcc/avr/4.7.2/avr5\libgcc.a(_prologue.o)
 .bss           0x00000000        0x0 c:/program files (x86)/atmel/atmel toolchain/avr8 gcc/native/3.4.2.939/avr8-gnu-toolchain/bin/../lib/gcc/avr/4.7.2/avr5\libgcc.a(_prologue.o)
 .text.libgcc.mul
                0x00000000        0x0 c:/program files (x86)/atmel/atmel toolchain/avr8 gcc/native/3.4.2.939/avr8-gnu-toolchain/bin/../lib/gcc/avr/4.7.2/avr5\libgcc.a(_prologue.o)
 .text.libgcc.div
                0x00000000        0x0 c:/program files (x86)/atmel/atmel toolchain/avr8 gcc/native/3.4.2.939/avr8-gnu-toolchain/bin/../lib/gcc/avr/4.7.2/avr5\libgcc.a(_prologue.o)
 .text.libgcc   0x00000000        0x0 c:/program files (x86)/atmel/atmel toolchain/avr8 gcc/native/3.4.2.939/avr8-gnu-toolchain/bin/../lib/gcc/avr/4.7.2/avr5\libgcc.a(_prologue.o)
 .text.libgcc.builtins
                0x00000000        0x0 c:/program files (x86)/atmel/atmel toolchain/avr8 gcc/native/3.4.2.939/avr8-gnu-toolchain/bin/../lib/gcc/avr/4.7.2/avr5\libgcc.a(_prologue.o)
 .text.libgcc.fmul
                0x00000000        0x0 c:/program files (x86)/atmel/atmel toolchain/avr8 gcc/native/3.4.2.939/avr8-gnu-toolchain/bin/../lib/gcc/avr/4.7.2/avr5\libgcc.a(_prologue.o)
 .text          0x00000000        0x0 c:/program files (x86)/atmel/atmel toolchain/avr8 gcc/native/3.4.2.939/avr8-gnu-toolchain/bin/../lib/gcc/avr/4.7.2/avr5\libgcc.a(_epilogue.o)
 .bss           0x00000000        0x0 c:/program files (x86)/atmel/atmel toolchain/avr8 gcc/native/3.4.2.939/avr8-gnu-toolchain/bin/../lib/gcc/avr/4.7.2/avr5\libgcc.a(_epilogue.o)
 .text.libgcc.mul
                0x00000000        0x0 c:/program files (x86)/atmel/atmel toolchain/avr8 gcc/native/3.4.2.939/avr8-gnu-toolchain/bin/../lib/gcc/avr/4.7.2/avr5\libgcc.a(_epilogue.o)
 .text.libgcc.div
                0x00000000        0x0 c:/program files (x86)/atmel/atmel toolchain/avr8 gcc/native/3.4.2.939/avr8-gnu-toolchain/bin/../lib/gcc/avr/4.7.2/avr5\libgcc.a(_epilogue.o)
 .text.libgcc   0x00000000        0x0 c:/program files (x86)/atmel/atmel toolchain/avr8 gcc/native/3.4.2.939/avr8-gnu-toolchain/bin/../lib/gcc/avr/4.7.2/avr5\libgcc.a(_epilogue.o)
 .text.libgcc.builtins
                0x00000000        0x0 c:/program files (x86)/atmel/atmel toolchain/avr8 gcc/native/3.4.2.939/avr8-gnu-toolchain/bin/../lib/gcc/avr/4.7.2/avr5\libgcc.a(_epilogue.o)
 .text.libgcc.fmul
                0x00000000        0x0 c:/program files (x86)/atmel/atmel toolchain/avr8 gcc/native/3.4.2.939/avr8-gnu-toolchain/bin/../lib/gcc/avr/4.7.2/avr5\libgcc.a(_epilogue.o)

Memory Configuration

Name             Origin             Length             Attributes
text             0x00000000         0x00020000         xr
data             0x00800060         0x0000ffa0         rw !x
eeprom           0x00810000         0x00010000         rw !x
fuse             0x00820000         0x00000400         rw !x
lock             0x00830000         0x00000400         rw !x
signature        0x00840000         0x00000400         rw !x
user_signatures  0x00850000         0x00000400         rw !x
*default*        0x00000000         0xffffffff

Linker script and memory map

Address of section .data set to 0x800100
LOAD c:/program files (x86)/atmel/atmel toolchain/avr8 gcc/native/3.4.2.939/avr8-gnu-toolchain/bin/../lib/gcc/avr/4.7.2/../../../../avr/lib/avr5/crtm328p.o
LOAD App/ADC_HAL.o
LOAD App/Macros.o
LOAD App/ISR.o
LOAD App/Filt.o
LOAD App/Globals.o
LOAD App/main.o
LOAD App/Init.o
LOAD App/Pot_HAL.o
LOAD App/Serial_HAL.o
START GROUP
LOAD c:/program files (x86)/atmel/atmel toolchain/avr8 gcc/native/3.4.2.939/avr8-gnu-toolchain/bin/../lib/gcc/avr/4.7.2/../../../../avr/lib/avr5\libm.a
END GROUP
LOAD c:/program files (x86)/atmel/atmel toolchain/avr8 gcc/native/3.4.2.939/avr8-gnu-toolchain/bin/../lib/gcc/avr/4.7.2/avr5\libgcc.a
LOAD c:/program files (x86)/atmel/atmel toolchain/avr8 gcc/native/3.4.2.939/avr8-gnu-toolchain/bin/../lib/gcc/avr/4.7.2/../../../../avr/lib/avr5\libc.a
LOAD c:/program files (x86)/atmel/atmel toolchain/avr8 gcc/native/3.4.2.939/avr8-gnu-toolchain/bin/../lib/gcc/avr/4.7.2/avr5\libgcc.a

.hash
 *(.hash)

.dynsym
 *(.dynsym)

.dynstr
 *(.dynstr)

.gnu.version
 *(.gnu.version)

.gnu.version_d
 *(.gnu.version_d)

.gnu.version_r
 *(.gnu.version_r)

.rel.init
 *(.rel.init)

.rela.init
 *(.rela.init)

.rel.text
 *(.rel.text)
 *(.rel.text.*)
 *(.rel.gnu.linkonce.t*)

.rela.text
 *(.rela.text)
 *(.rela.text.*)
 *(.rela.gnu.linkonce.t*)

.rel.fini
 *(.rel.fini)

.rela.fini
 *(.rela.fini)

.rel.rodata
 *(.rel.rodata)
 *(.rel.rodata.*)
 *(.rel.gnu.linkonce.r*)

.rela.rodata
 *(.rela.rodata)
 *(.rela.rodata.*)
 *(.rela.gnu.linkonce.r*)

.rel.data
 *(.rel.data)
 *(.rel.data.*)
 *(.rel.gnu.linkonce.d*)

.rela.data
 *(.rela.data)
 *(.rela.data.*)
 *(.rela.gnu.linkonce.d*)

.rel.ctors
 *(.rel.ctors)

.rela.ctors
 *(.rela.ctors)

.rel.dtors
 *(.rel.dtors)

.rela.dtors
 *(.rela.dtors)

.rel.got
 *(.rel.got)

.rela.got
 *(.rela.got)

.rel.bss
 *(.rel.bss)

.rela.bss
 *(.rela.bss)

.rel.plt
 *(.rel.plt)

.rela.plt
 *(.rela.plt)

.text           0x00000000     0x26ee
 *(.vectors)
 .vectors       0x00000000       0x68 c:/program files (x86)/atmel/atmel toolchain/avr8 gcc/native/3.4.2.939/avr8-gnu-toolchain/bin/../lib/gcc/avr/4.7.2/../../../../avr/lib/avr5/crtm328p.o
                0x00000000                __vectors
 *(.vectors)
 *(.progmem.gcc*)
 *(.progmem*)
                0x00000068                . = ALIGN (0x2)
                0x00000068                __trampolines_start = .
 *(.trampolines)
 .trampolines   0x00000068        0x0 linker stubs
 *(.trampolines*)
                0x00000068                __trampolines_end = .
 *(.jumptables)
 *(.jumptables*)
 *(.lowtext)
 *(.lowtext*)
                0x00000068                __ctors_start = .
 *(.ctors)
                0x00000068                __ctors_end = .
                0x00000068                __dtors_start = .
 *(.dtors)
                0x00000068                __dtors_end = .
 SORT(*)(.ctors)
 SORT(*)(.dtors)
 *(.init0)
 .init0         0x00000068        0x0 c:/program files (x86)/atmel/atmel toolchain/avr8 gcc/native/3.4.2.939/avr8-gnu-toolchain/bin/../lib/gcc/avr/4.7.2/../../../../avr/lib/avr5/crtm328p.o
                0x00000068                __init
 *(.init0)
 *(.init1)
 *(.init1)
 *(.init2)
 .init2         0x00000068        0xc c:/program files (x86)/atmel/atmel toolchain/avr8 gcc/native/3.4.2.939/avr8-gnu-toolchain/bin/../lib/gcc/avr/4.7.2/../../../../avr/lib/avr5/crtm328p.o
 *(.init2)
 *(.init3)
 *(.init3)
 *(.init4)
 .init4         0x00000074       0x16 c:/program files (x86)/atmel/atmel toolchain/avr8 gcc/native/3.4.2.939/avr8-gnu-toolchain/bin/../lib/gcc/avr/4.7.2/avr5\libgcc.a(_copy_data.o)
                0x00000074                __do_copy_data
 .init4         0x0000008a       0x10 c:/program files (x86)/atmel/atmel toolchain/avr8 gcc/native/3.4.2.939/avr8-gnu-toolchain/bin/../lib/gcc/avr/4.7.2/avr5\libgcc.a(_clear_bss.o)
                0x0000008a                __do_clear_bss
 *(.init4)
 *(.init5)
 *(.init5)
 *(.init6)
 *(.init6)
 *(.init7)
 *(.init7)
 *(.init8)
 *(.init8)
 *(.init9)
 .init9         0x0000009a        0x8 c:/program files (x86)/atmel/atmel toolchain/avr8 gcc/native/3.4.2.939/avr8-gnu-toolchain/bin/../lib/gcc/avr/4.7.2/../../../../avr/lib/avr5/crtm328p.o
 *(.init9)
 *(.text)
 .text          0x000000a2        0x4 c:/program files (x86)/atmel/atmel toolchain/avr8 gcc/native/3.4.2.939/avr8-gnu-toolchain/bin/../lib/gcc/avr/4.7.2/../../../../avr/lib/avr5/crtm328p.o
                0x000000a2                __vector_3
                0x000000a2                __bad_interrupt
                0x000000a6                . = ALIGN (0x2)
 *(.text.*)
 .text.ADCStartRead
                0x000000a6       0xac App/ADC_HAL.o
                0x000000a6                ADCStartRead
 .text.ADCStopRead
                0x00000152       0x34 App/ADC_HAL.o
                0x00000152                ADCStopRead
 .text.ADCInit  0x00000186       0x2e App/ADC_HAL.o
                0x00000186                ADCInit
 .text.turnOnAnalog
                0x000001b4       0x20 App/Macros.o
                0x000001b4                turnOnAnalog
 .text.turnOnStatusLED
                0x000001d4       0x20 App/Macros.o
                0x000001d4                turnOnStatusLED
 .text.turnOnRespLED
                0x000001f4       0x20 App/Macros.o
                0x000001f4                turnOnRespLED
 .text.turnOnECGLED
                0x00000214       0x20 App/Macros.o
                0x00000214                turnOnECGLED
 .text.toggleStatusLED
                0x00000234       0x22 App/Macros.o
                0x00000234                toggleStatusLED
 .text.toggleRespLED
                0x00000256       0x22 App/Macros.o
                0x00000256                toggleRespLED
 .text.toggleECGLED
                0x00000278       0x22 App/Macros.o
                0x00000278                toggleECGLED
 .text.turnOffStatusLED
                0x0000029a       0x20 App/Macros.o
                0x0000029a                turnOffStatusLED
 .text.turnOnSpeaker
                0x000002ba       0x20 App/Macros.o
                0x000002ba                turnOnSpeaker
 .text.toggleSpeaker
                0x000002da       0x22 App/Macros.o
                0x000002da                toggleSpeaker
 .text.turnOffSpeaker
                0x000002fc       0x20 App/Macros.o
                0x000002fc                turnOffSpeaker
 .text.startBlinkStatusLED
                0x0000031c       0x24 App/Macros.o
                0x0000031c                startBlinkStatusLED
 .text.stopBlinkStatusLED
                0x00000340       0x16 App/Macros.o
                0x00000340                stopBlinkStatusLED
 .text.startBlinkRespLED
                0x00000356       0x24 App/Macros.o
                0x00000356                startBlinkRespLED
 .text.startBlinkECGLED
                0x0000037a       0x24 App/Macros.o
                0x0000037a                startBlinkECGLED
 .text.startAlarm
                0x0000039e       0x24 App/Macros.o
                0x0000039e                startAlarm
 .text.silenceAlarm
                0x000003c2       0x24 App/Macros.o
                0x000003c2                silenceAlarm
 .text.readSwitch
                0x000003e6       0x48 App/Macros.o
                0x000003e6                readSwitch
 .text.__vector_21
                0x0000042e       0x9c App/ISR.o
                0x0000042e                __vector_21
 .text.__vector_1
                0x000004ca       0x78 App/ISR.o
                0x000004ca                __vector_1
 .text.__vector_18
                0x00000542       0x7e App/ISR.o
                0x00000542                __vector_18
 .text.__vector_20
                0x000005c0       0x86 App/ISR.o
                0x000005c0                __vector_20
 .text.__vector_11
                0x00000646      0x192 App/ISR.o
                0x00000646                __vector_11
 .text.__vector_12
                0x000007d8       0x16 App/ISR.o
                0x000007d8                __vector_12
 .text.__vector_2
                0x000007ee       0x16 App/ISR.o
                0x000007ee                __vector_2
 .text.__vector_4
                0x00000804       0x16 App/ISR.o
                0x00000804                __vector_4
 .text.__vector_5
                0x0000081a       0x16 App/ISR.o
                0x0000081a                __vector_5
 .text.__vector_6
                0x00000830       0x16 App/ISR.o
                0x00000830                __vector_6
 .text.__vector_7
                0x00000846       0x16 App/ISR.o
                0x00000846                __vector_7
 .text.__vector_8
                0x0000085c       0x16 App/ISR.o
                0x0000085c                __vector_8
 .text.__vector_9
                0x00000872       0x16 App/ISR.o
                0x00000872                __vector_9
 .text.__vector_10
                0x00000888       0x16 App/ISR.o
                0x00000888                __vector_10
 .text.__vector_13
                0x0000089e       0x16 App/ISR.o
                0x0000089e                __vector_13
 .text.__vector_14
                0x000008b4       0x16 App/ISR.o
                0x000008b4                __vector_14
 .text.__vector_15
                0x000008ca       0x16 App/ISR.o
                0x000008ca                __vector_15
 .text.__vector_16
                0x000008e0       0x16 App/ISR.o
                0x000008e0                __vector_16
 .text.__vector_17
                0x000008f6       0x16 App/ISR.o
                0x000008f6                __vector_17
 .text.__vector_19
                0x0000090c       0x16 App/ISR.o
                0x0000090c                __vector_19
 .text.__vector_22
                0x00000922       0x16 App/ISR.o
                0x00000922                __vector_22
 .text.__vector_23
                0x00000938       0x16 App/ISR.o
                0x00000938                __vector_23
 .text.__vector_24
                0x0000094e       0x16 App/ISR.o
                0x0000094e                __vector_24
 .text.__vector_25
                0x00000964       0x16 App/ISR.o
                0x00000964                __vector_25
 .text.__vector_default
                0x0000097a       0x28 App/ISR.o
                0x0000097a                __vector_default
 .text.RespFilt
                0x000009a2      0x196 App/Filt.o
                0x000009a2                RespFilt
 .text.ECGFilt  0x00000b38      0x1b8 App/Filt.o
                0x00000b38                ECGFilt
 .text.main     0x00000cf0      0xe98 App/main.o
                0x00000cf0                main
 .text.MasterInitialize
                0x00001b88       0x24 App/Init.o
                0x00001b88                MasterInitialize
 .text.PortInit
                0x00001bac       0x64 App/Init.o
                0x00001bac                PortInit
 .text.ClockInit
                0x00001c10       0x9c App/Init.o
                0x00001c10                ClockInit
 .text.IncreaseGain
                0x00001cac       0x64 App/Pot_HAL.o
                0x00001cac                IncreaseGain
 .text.DecreaseGain
                0x00001d10       0x64 App/Pot_HAL.o
                0x00001d10                DecreaseGain
 .text.DeselectPot
                0x00001d74       0x22 App/Pot_HAL.o
                0x00001d74                DeselectPot
 .text.SelectPot
                0x00001d96       0x22 App/Pot_HAL.o
                0x00001d96                SelectPot
 .text.SerialInit
                0x00001db8       0x42 App/Serial_HAL.o
                0x00001db8                SerialInit
 .text.LoadChar
                0x00001dfa       0x62 App/Serial_HAL.o
                0x00001dfa                LoadChar
 .text.SendString
                0x00001e5c       0x72 App/Serial_HAL.o
                0x00001e5c                SendString
 .text.SendDecimalNumber
                0x00001ece      0x190 App/Serial_HAL.o
                0x00001ece                SendDecimalNumber
 .text.StartTx  0x0000205e       0x6e App/Serial_HAL.o
                0x0000205e                StartTx
 .text.uart_putchar
                0x000020cc       0x42 App/Serial_HAL.o
 .text.libgcc.mul
                0x0000210e       0x20 c:/program files (x86)/atmel/atmel toolchain/avr8 gcc/native/3.4.2.939/avr8-gnu-toolchain/bin/../lib/gcc/avr/4.7.2/avr5\libgcc.a(_mulsi3.o)
                0x0000210e                __mulsi3
 .text.libgcc.mul
                0x0000212e       0x18 c:/program files (x86)/atmel/atmel toolchain/avr8 gcc/native/3.4.2.939/avr8-gnu-toolchain/bin/../lib/gcc/avr/4.7.2/avr5\libgcc.a(_umulhisi3.o)
                0x0000212e                __umulhisi3
 .text.libgcc.mul
                0x00002146       0x16 c:/program files (x86)/atmel/atmel toolchain/avr8 gcc/native/3.4.2.939/avr8-gnu-toolchain/bin/../lib/gcc/avr/4.7.2/avr5\libgcc.a(_muluhisi3.o)
                0x00002146                __muluhisi3
 .text.avr-libc
                0x0000215c       0x28 c:/program files (x86)/atmel/atmel toolchain/avr8 gcc/native/3.4.2.939/avr8-gnu-toolchain/bin/../lib/gcc/avr/4.7.2/../../../../avr/lib/avr5\libc.a(printf.o)
                0x0000215c                printf
 .text.avr-libc
                0x00002184      0x3b8 c:/program files (x86)/atmel/atmel toolchain/avr8 gcc/native/3.4.2.939/avr8-gnu-toolchain/bin/../lib/gcc/avr/4.7.2/../../../../avr/lib/avr5\libc.a(vfprintf_std.o)
                0x00002184                vfprintf
 .text.avr-libc
                0x0000253c       0x16 c:/program files (x86)/atmel/atmel toolchain/avr8 gcc/native/3.4.2.939/avr8-gnu-toolchain/bin/../lib/gcc/avr/4.7.2/../../../../avr/lib/avr5\libc.a(strnlen_P.o)
                0x0000253c                strnlen_P
 .text.avr-libc
                0x00002552       0x16 c:/program files (x86)/atmel/atmel toolchain/avr8 gcc/native/3.4.2.939/avr8-gnu-toolchain/bin/../lib/gcc/avr/4.7.2/../../../../avr/lib/avr5\libc.a(strnlen.o)
                0x00002552                strnlen
 .text.avr-libc
                0x00002568       0x58 c:/program files (x86)/atmel/atmel toolchain/avr8 gcc/native/3.4.2.939/avr8-gnu-toolchain/bin/../lib/gcc/avr/4.7.2/../../../../avr/lib/avr5\libc.a(fputc.o)
                0x00002568                fputc
 .text.avr-libc
                0x000025c0       0xbc c:/program files (x86)/atmel/atmel toolchain/avr8 gcc/native/3.4.2.939/avr8-gnu-toolchain/bin/../lib/gcc/avr/4.7.2/../../../../avr/lib/avr5\libc.a(ultoa_invert.o)
                0x000025c0                __ultoa_invert
 .text.libgcc.prologue
                0x0000267c       0x38 c:/program files (x86)/atmel/atmel toolchain/avr8 gcc/native/3.4.2.939/avr8-gnu-toolchain/bin/../lib/gcc/avr/4.7.2/avr5\libgcc.a(_prologue.o)
                0x0000267c                __prologue_saves__
 .text.libgcc.prologue
                0x000026b4       0x36 c:/program files (x86)/atmel/atmel toolchain/avr8 gcc/native/3.4.2.939/avr8-gnu-toolchain/bin/../lib/gcc/avr/4.7.2/avr5\libgcc.a(_epilogue.o)
                0x000026b4                __epilogue_restores__
                0x000026ea                . = ALIGN (0x2)
 *(.fini9)
 .fini9         0x000026ea        0x0 c:/program files (x86)/atmel/atmel toolchain/avr8 gcc/native/3.4.2.939/avr8-gnu-toolchain/bin/../lib/gcc/avr/4.7.2/avr5\libgcc.a(_exit.o)
                0x000026ea                _exit
                0x000026ea                exit
 *(.fini9)
 *(.fini8)
 *(.fini8)
 *(.fini7)
 *(.fini7)
 *(.fini6)
 *(.fini6)
 *(.fini5)
 *(.fini5)
 *(.fini4)
 *(.fini4)
 *(.fini3)
 *(.fini3)
 *(.fini2)
 *(.fini2)
 *(.fini1)
 *(.fini1)
 *(.fini0)
 .fini0         0x000026ea        0x4 c:/program files (x86)/atmel/atmel toolchain/avr8 gcc/native/3.4.2.939/avr8-gnu-toolchain/bin/../lib/gcc/avr/4.7.2/avr5\libgcc.a(_exit.o)
 *(.fini0)
                0x000026ee                _etext = .

.data           0x00800100      0x310 load address 0x000026ee
                0x00800100                PROVIDE (__data_start, .)
 *(.data)
 .data          0x00800100        0x0 c:/program files (x86)/atmel/atmel toolchain/avr8 gcc/native/3.4.2.939/avr8-gnu-toolchain/bin/../lib/gcc/avr/4.7.2/../../../../avr/lib/avr5/crtm328p.o
 .data          0x00800100        0x0 App/ADC_HAL.o
 .data          0x00800100        0x0 App/Macros.o
 .data          0x00800100        0x0 App/ISR.o
 .data          0x00800100        0x0 App/Filt.o
 .data          0x00800100        0x0 App/Globals.o
 .data          0x00800100        0x0 App/main.o
 .data          0x00800100        0x0 App/Init.o
 .data          0x00800100        0x0 App/Pot_HAL.o
 .data          0x00800100        0x0 App/Serial_HAL.o
 .data          0x00800100        0x0 c:/program files (x86)/atmel/atmel toolchain/avr8 gcc/native/3.4.2.939/avr8-gnu-toolchain/bin/../lib/gcc/avr/4.7.2/avr5\libgcc.a(_mulsi3.o)
 .data          0x00800100        0x0 c:/program files (x86)/atmel/atmel toolchain/avr8 gcc/native/3.4.2.939/avr8-gnu-toolchain/bin/../lib/gcc/avr/4.7.2/avr5\libgcc.a(_exit.o)
 .data          0x00800100        0x0 c:/program files (x86)/atmel/atmel toolchain/avr8 gcc/native/3.4.2.939/avr8-gnu-toolchain/bin/../lib/gcc/avr/4.7.2/avr5\libgcc.a(_copy_data.o)
 .data          0x00800100        0x0 c:/program files (x86)/atmel/atmel toolchain/avr8 gcc/native/3.4.2.939/avr8-gnu-toolchain/bin/../lib/gcc/avr/4.7.2/avr5\libgcc.a(_clear_bss.o)
 .data          0x00800100        0x0 c:/program files (x86)/atmel/atmel toolchain/avr8 gcc/native/3.4.2.939/avr8-gnu-toolchain/bin/../lib/gcc/avr/4.7.2/avr5\libgcc.a(_umulhisi3.o)
 .data          0x00800100        0x0 c:/program files (x86)/atmel/atmel toolchain/avr8 gcc/native/3.4.2.939/avr8-gnu-toolchain/bin/../lib/gcc/avr/4.7.2/avr5\libgcc.a(_muluhisi3.o)
 .data          0x00800100        0x0 c:/program files (x86)/atmel/atmel toolchain/avr8 gcc/native/3.4.2.939/avr8-gnu-toolchain/bin/../lib/gcc/avr/4.7.2/../../../../avr/lib/avr5\libc.a(iob.o)
 .data          0x00800100        0x0 c:/program files (x86)/atmel/atmel toolchain/avr8 gcc/native/3.4.2.939/avr8-gnu-toolchain/bin/../lib/gcc/avr/4.7.2/../../../../avr/lib/avr5\libc.a(printf.o)
 .data          0x00800100        0x0 c:/program files (x86)/atmel/atmel toolchain/avr8 gcc/native/3.4.2.939/avr8-gnu-toolchain/bin/../lib/gcc/avr/4.7.2/../../../../avr/lib/avr5\libc.a(vfprintf_std.o)
 .data          0x00800100        0x0 c:/program files (x86)/atmel/atmel toolchain/avr8 gcc/native/3.4.2.939/avr8-gnu-toolchain/bin/../lib/gcc/avr/4.7.2/../../../../avr/lib/avr5\libc.a(strnlen_P.o)
 .data          0x00800100        0x0 c:/program files (x86)/atmel/atmel toolchain/avr8 gcc/native/3.4.2.939/avr8-gnu-toolchain/bin/../lib/gcc/avr/4.7.2/../../../../avr/lib/avr5\libc.a(strnlen.o)
 .data          0x00800100        0x0 c:/program files (x86)/atmel/atmel toolchain/avr8 gcc/native/3.4.2.939/avr8-gnu-toolchain/bin/../lib/gcc/avr/4.7.2/../../../../avr/lib/avr5\libc.a(fputc.o)
 .data          0x00800100        0x0 c:/program files (x86)/atmel/atmel toolchain/avr8 gcc/native/3.4.2.939/avr8-gnu-toolchain/bin/../lib/gcc/avr/4.7.2/../../../../avr/lib/avr5\libc.a(ultoa_invert.o)
 .data          0x00800100        0x0 c:/program files (x86)/atmel/atmel toolchain/avr8 gcc/native/3.4.2.939/avr8-gnu-toolchain/bin/../lib/gcc/avr/4.7.2/avr5\libgcc.a(_prologue.o)
 .data          0x00800100        0x0 c:/program files (x86)/atmel/atmel toolchain/avr8 gcc/native/3.4.2.939/avr8-gnu-toolchain/bin/../lib/gcc/avr/4.7.2/avr5\libgcc.a(_epilogue.o)
 *(.data*)
 .data.respTimeThresh
                0x00800100        0x1 App/main.o
                0x00800100                respTimeThresh
 .data.maxRespPoints.1612
                0x00800101        0xe App/main.o
 .data.maxECGPoints.1631
                0x0080010f        0xe App/main.o
 .data.respBuffer.1713
                0x0080011d        0xb App/main.o
 .data.ECGBuffer.1714
                0x00800128        0xb App/main.o
 .data.mystdout
                0x00800133        0xe App/Serial_HAL.o
 *(.rodata)
 .rodata        0x00800141       0x50 App/main.o
 .rodata        0x00800191        0xa App/Serial_HAL.o
 *(.rodata*)
 .rodata.ECGFiltCo.1386
                0x0080019b      0x146 App/Filt.o
 .rodata.RespFiltCo.1373
                0x008002e1      0x12e App/Filt.o
 *(.gnu.linkonce.d*)
                0x00800410                . = ALIGN (0x2)
 *fill*         0x0080040f        0x1 
                0x00800410                _edata = .
                0x00800410                PROVIDE (__data_end, .)

.bss            0x00800410      0x35f
                0x00800410                PROVIDE (__bss_start, .)
 *(.bss)
 *(.bss*)
 .bss.ECGMemPtr.1391
                0x00800410        0x2 App/Filt.o
 .bss.ECGFiltMem.1387
                0x00800412      0x146 App/Filt.o
 .bss.fillCount.1389
                0x00800558        0x1 App/Filt.o
 .bss.isValid.1388
                0x00800559        0x1 App/Filt.o
 .bss.RespMemPtr.1377
                0x0080055a        0x2 App/Filt.o
 .bss.RespFiltMem.1374
                0x0080055c      0x12e App/Filt.o
 .bss.fillCount.1376
                0x0080068a        0x1 App/Filt.o
 .bss.isValid.1375
                0x0080068b        0x1 App/Filt.o
 .bss.mainState
                0x0080068c        0x1 App/Globals.o
                0x0080068c                mainState
 .bss.ADCDataBufferTailPtr
                0x0080068d        0x1 App/Globals.o
                0x0080068d                ADCDataBufferTailPtr
 .bss.ADCDataBufferHeadPtr
                0x0080068e        0x1 App/Globals.o
                0x0080068e                ADCDataBufferHeadPtr
 .bss.ADCDataBufferCount
                0x0080068f        0x1 App/Globals.o
                0x0080068f                ADCDataBufferCount
 .bss.uartTxBufferHeadPtr
                0x00800690        0x1 App/Globals.o
                0x00800690                uartTxBufferHeadPtr
 .bss.uartTxBufferTailPtr
                0x00800691        0x1 App/Globals.o
                0x00800691                uartTxBufferTailPtr
 .bss.uartTxBufferCount
                0x00800692        0x1 App/Globals.o
                0x00800692                uartTxBufferCount
 .bss.uartRxBufferHeadPtr
                0x00800693        0x1 App/Globals.o
                0x00800693                uartRxBufferHeadPtr
 .bss.uartRxBufferCount
                0x00800694        0x1 App/Globals.o
                0x00800694                uartRxBufferCount
 .bss.pbPressed
                0x00800695        0x1 App/Globals.o
                0x00800695                pbPressed
 .bss.blinkRespLED
                0x00800696        0x5 App/Globals.o
                0x00800696                blinkRespLED
 .bss.blinkECGLED
                0x0080069b        0x5 App/Globals.o
                0x0080069b                blinkECGLED
 .bss.blinkStatusLED
                0x008006a0        0x5 App/Globals.o
                0x008006a0                blinkStatusLED
 .bss.blinkSpeaker
                0x008006a5        0x5 App/Globals.o
                0x008006a5                blinkSpeaker
 .bss.silenceSpeaker
                0x008006aa        0x5 App/Globals.o
                0x008006aa                silenceSpeaker
 .bss.recentRespMemory.1623
                0x008006af        0xa App/main.o
 .bss.recentECGMemory.1634
                0x008006b9        0xa App/main.o
 .bss.minRespPoints.1620
                0x008006c3        0xe App/main.o
 .bss.vitalCounts.1688
                0x008006d1       0x2a App/main.o
 *(COMMON)
 COMMON         0x008006fb       0x6e App/Globals.o
                0x008006fb                uartTxBuff
                0x00800714                uartRxBuff
                0x0080072d                ADCDataBuffer
 COMMON         0x00800769        0x6 c:/program files (x86)/atmel/atmel toolchain/avr8 gcc/native/3.4.2.939/avr8-gnu-toolchain/bin/../lib/gcc/avr/4.7.2/../../../../avr/lib/avr5\libc.a(iob.o)
                0x00800769                __iob
                0x0080076f                PROVIDE (__bss_end, .)
                0x000026ee                __data_load_start = LOADADDR (.data)
                0x000029fe                __data_load_end = (__data_load_start + SIZEOF (.data))

.noinit         0x0080076f        0x0
                0x0080076f                PROVIDE (__noinit_start, .)
 *(.noinit*)
                0x0080076f                PROVIDE (__noinit_end, .)
                0x0080076f                _end = .
                0x0080076f                PROVIDE (__heap_start, .)

.eeprom         0x00810000        0x0
 *(.eeprom*)
                0x00810000                __eeprom_end = .

.fuse
 *(.fuse)
 *(.lfuse)
 *(.hfuse)
 *(.efuse)

.lock
 *(.lock*)

.signature
 *(.signature*)

.user_signatures
 *(.user_signatures*)

.stab           0x00000000      0xc84
 *(.stab)
 .stab          0x00000000      0x6cc c:/program files (x86)/atmel/atmel toolchain/avr8 gcc/native/3.4.2.939/avr8-gnu-toolchain/bin/../lib/gcc/avr/4.7.2/../../../../avr/lib/avr5/crtm328p.o
 .stab          0x000006cc       0x9c c:/program files (x86)/atmel/atmel toolchain/avr8 gcc/native/3.4.2.939/avr8-gnu-toolchain/bin/../lib/gcc/avr/4.7.2/../../../../avr/lib/avr5\libc.a(strnlen_P.o)
                                 0xa8 (size before relaxing)
 .stab          0x00000768       0x9c c:/program files (x86)/atmel/atmel toolchain/avr8 gcc/native/3.4.2.939/avr8-gnu-toolchain/bin/../lib/gcc/avr/4.7.2/../../../../avr/lib/avr5\libc.a(strnlen.o)
                                 0xa8 (size before relaxing)
 .stab          0x00000804      0x480 c:/program files (x86)/atmel/atmel toolchain/avr8 gcc/native/3.4.2.939/avr8-gnu-toolchain/bin/../lib/gcc/avr/4.7.2/../../../../avr/lib/avr5\libc.a(ultoa_invert.o)
                                0x48c (size before relaxing)

.stabstr        0x00000000      0x1fe
 *(.stabstr)
 .stabstr       0x00000000      0x1fe c:/program files (x86)/atmel/atmel toolchain/avr8 gcc/native/3.4.2.939/avr8-gnu-toolchain/bin/../lib/gcc/avr/4.7.2/../../../../avr/lib/avr5/crtm328p.o

.stab.excl
 *(.stab.excl)

.stab.exclstr
 *(.stab.exclstr)

.stab.index
 *(.stab.index)

.stab.indexstr
 *(.stab.indexstr)

.comment        0x00000000       0x2f
 *(.comment)
 .comment       0x00000000       0x2f App/ADC_HAL.o
                                 0x30 (size before relaxing)
 .comment       0x00000000       0x30 App/Macros.o
 .comment       0x00000000       0x30 App/ISR.o
 .comment       0x00000000       0x30 App/Filt.o
 .comment       0x00000000       0x30 App/Globals.o
 .comment       0x00000000       0x30 App/main.o
 .comment       0x00000000       0x30 App/Init.o
 .comment       0x00000000       0x30 App/Pot_HAL.o
 .comment       0x00000000       0x30 App/Serial_HAL.o
 .comment       0x00000000       0x30 c:/program files (x86)/atmel/atmel toolchain/avr8 gcc/native/3.4.2.939/avr8-gnu-toolchain/bin/../lib/gcc/avr/4.7.2/../../../../avr/lib/avr5\libc.a(iob.o)
 .comment       0x00000000       0x30 c:/program files (x86)/atmel/atmel toolchain/avr8 gcc/native/3.4.2.939/avr8-gnu-toolchain/bin/../lib/gcc/avr/4.7.2/../../../../avr/lib/avr5\libc.a(printf.o)
 .comment       0x00000000       0x30 c:/program files (x86)/atmel/atmel toolchain/avr8 gcc/native/3.4.2.939/avr8-gnu-toolchain/bin/../lib/gcc/avr/4.7.2/../../../../avr/lib/avr5\libc.a(vfprintf_std.o)
 .comment       0x00000000       0x30 c:/program files (x86)/atmel/atmel toolchain/avr8 gcc/native/3.4.2.939/avr8-gnu-toolchain/bin/../lib/gcc/avr/4.7.2/../../../../avr/lib/avr5\libc.a(fputc.o)

.debug
 *(.debug)

.line
 *(.line)

.debug_srcinfo
 *(.debug_srcinfo)

.debug_sfnames
 *(.debug_sfnames)

.debug_aranges  0x00000000      0x388
 *(.debug_aranges)
 .debug_aranges
                0x00000000       0x30 App/ADC_HAL.o
 .debug_aranges
                0x00000030       0xe8 App/Macros.o
 .debug_aranges
                0x00000118       0xe0 App/ISR.o
 .debug_aranges
                0x000001f8       0x28 App/Filt.o
 .debug_aranges
                0x00000220       0x18 App/Globals.o
 .debug_aranges
                0x00000238       0x20 App/main.o
 .debug_aranges
                0x00000258       0x30 App/Init.o
 .debug_aranges
                0x00000288       0x38 App/Pot_HAL.o
 .debug_aranges
                0x000002c0       0x50 App/Serial_HAL.o
 .debug_aranges
                0x00000310       0x18 c:/program files (x86)/atmel/atmel toolchain/avr8 gcc/native/3.4.2.939/avr8-gnu-toolchain/bin/../lib/gcc/avr/4.7.2/../../../../avr/lib/avr5\libc.a(iob.o)
 .debug_aranges
                0x00000328       0x20 c:/program files (x86)/atmel/atmel toolchain/avr8 gcc/native/3.4.2.939/avr8-gnu-toolchain/bin/../lib/gcc/avr/4.7.2/../../../../avr/lib/avr5\libc.a(printf.o)
 .debug_aranges
                0x00000348       0x20 c:/program files (x86)/atmel/atmel toolchain/avr8 gcc/native/3.4.2.939/avr8-gnu-toolchain/bin/../lib/gcc/avr/4.7.2/../../../../avr/lib/avr5\libc.a(vfprintf_std.o)
 .debug_aranges
                0x00000368       0x20 c:/program files (x86)/atmel/atmel toolchain/avr8 gcc/native/3.4.2.939/avr8-gnu-toolchain/bin/../lib/gcc/avr/4.7.2/../../../../avr/lib/avr5\libc.a(fputc.o)

.debug_pubnames
 *(.debug_pubnames)

.debug_info     0x00000000     0x24e2
 *(.debug_info)
 .debug_info    0x00000000       0xc4 App/ADC_HAL.o
 .debug_info    0x000000c4      0x363 App/Macros.o
 .debug_info    0x00000427      0x426 App/ISR.o
 .debug_info    0x0000084d      0x22b App/Filt.o
 .debug_info    0x00000a78      0x28b App/Globals.o
 .debug_info    0x00000d03      0x7bc App/main.o
 .debug_info    0x000014bf      0x189 App/Init.o
 .debug_info    0x00001648      0x105 App/Pot_HAL.o
 .debug_info    0x0000174d      0x390 App/Serial_HAL.o
 .debug_info    0x00001add      0x14e c:/program files (x86)/atmel/atmel toolchain/avr8 gcc/native/3.4.2.939/avr8-gnu-toolchain/bin/../lib/gcc/avr/4.7.2/../../../../avr/lib/avr5\libc.a(iob.o)
 .debug_info    0x00001c2b      0x1fa c:/program files (x86)/atmel/atmel toolchain/avr8 gcc/native/3.4.2.939/avr8-gnu-toolchain/bin/../lib/gcc/avr/4.7.2/../../../../avr/lib/avr5\libc.a(printf.o)
 .debug_info    0x00001e25      0x549 c:/program files (x86)/atmel/atmel toolchain/avr8 gcc/native/3.4.2.939/avr8-gnu-toolchain/bin/../lib/gcc/avr/4.7.2/../../../../avr/lib/avr5\libc.a(vfprintf_std.o)
 .debug_info    0x0000236e      0x174 c:/program files (x86)/atmel/atmel toolchain/avr8 gcc/native/3.4.2.939/avr8-gnu-toolchain/bin/../lib/gcc/avr/4.7.2/../../../../avr/lib/avr5\libc.a(fputc.o)
 *(.gnu.linkonce.wi.*)

.debug_abbrev   0x00000000      0xd37
 *(.debug_abbrev)
 .debug_abbrev  0x00000000       0x7b App/ADC_HAL.o
 .debug_abbrev  0x0000007b       0xec App/Macros.o
 .debug_abbrev  0x00000167       0xc4 App/ISR.o
 .debug_abbrev  0x0000022b       0xb0 App/Filt.o
 .debug_abbrev  0x000002db       0x92 App/Globals.o
 .debug_abbrev  0x0000036d      0x1df App/main.o
 .debug_abbrev  0x0000054c       0xe4 App/Init.o
 .debug_abbrev  0x00000630       0x8a App/Pot_HAL.o
 .debug_abbrev  0x000006ba      0x1ac App/Serial_HAL.o
 .debug_abbrev  0x00000866       0xc1 c:/program files (x86)/atmel/atmel toolchain/avr8 gcc/native/3.4.2.939/avr8-gnu-toolchain/bin/../lib/gcc/avr/4.7.2/../../../../avr/lib/avr5\libc.a(iob.o)
 .debug_abbrev  0x00000927      0x149 c:/program files (x86)/atmel/atmel toolchain/avr8 gcc/native/3.4.2.939/avr8-gnu-toolchain/bin/../lib/gcc/avr/4.7.2/../../../../avr/lib/avr5\libc.a(printf.o)
 .debug_abbrev  0x00000a70      0x1d6 c:/program files (x86)/atmel/atmel toolchain/avr8 gcc/native/3.4.2.939/avr8-gnu-toolchain/bin/../lib/gcc/avr/4.7.2/../../../../avr/lib/avr5\libc.a(vfprintf_std.o)
 .debug_abbrev  0x00000c46       0xf1 c:/program files (x86)/atmel/atmel toolchain/avr8 gcc/native/3.4.2.939/avr8-gnu-toolchain/bin/../lib/gcc/avr/4.7.2/../../../../avr/lib/avr5\libc.a(fputc.o)

.debug_line     0x00000000     0x2689
 *(.debug_line)
 .debug_line    0x00000000      0x2b2 App/ADC_HAL.o
 .debug_line    0x000002b2      0x46a App/Macros.o
 .debug_line    0x0000071c      0x4e1 App/ISR.o
 .debug_line    0x00000bfd      0x305 App/Filt.o
 .debug_line    0x00000f02      0x265 App/Globals.o
 .debug_line    0x00001167      0x4e4 App/main.o
 .debug_line    0x0000164b      0x313 App/Init.o
 .debug_line    0x0000195e      0x2cf App/Pot_HAL.o
 .debug_line    0x00001c2d      0x386 App/Serial_HAL.o
 .debug_line    0x00001fb3       0xeb c:/program files (x86)/atmel/atmel toolchain/avr8 gcc/native/3.4.2.939/avr8-gnu-toolchain/bin/../lib/gcc/avr/4.7.2/../../../../avr/lib/avr5\libc.a(iob.o)
 .debug_line    0x0000209e      0x18e c:/program files (x86)/atmel/atmel toolchain/avr8 gcc/native/3.4.2.939/avr8-gnu-toolchain/bin/../lib/gcc/avr/4.7.2/../../../../avr/lib/avr5\libc.a(printf.o)
 .debug_line    0x0000222c      0x359 c:/program files (x86)/atmel/atmel toolchain/avr8 gcc/native/3.4.2.939/avr8-gnu-toolchain/bin/../lib/gcc/avr/4.7.2/../../../../avr/lib/avr5\libc.a(vfprintf_std.o)
 .debug_line    0x00002585      0x104 c:/program files (x86)/atmel/atmel toolchain/avr8 gcc/native/3.4.2.939/avr8-gnu-toolchain/bin/../lib/gcc/avr/4.7.2/../../../../avr/lib/avr5\libc.a(fputc.o)

.debug_frame    0x00000000      0xbd0
 *(.debug_frame)
 .debug_frame   0x00000000       0x74 App/ADC_HAL.o
 .debug_frame   0x00000074      0x354 App/Macros.o
 .debug_frame   0x000003c8      0x4d4 App/ISR.o
 .debug_frame   0x0000089c       0x54 App/Filt.o
 .debug_frame   0x000008f0       0x34 App/main.o
 .debug_frame   0x00000924       0x74 App/Init.o
 .debug_frame   0x00000998       0x94 App/Pot_HAL.o
 .debug_frame   0x00000a2c       0xf4 App/Serial_HAL.o
 .debug_frame   0x00000b20       0x2c c:/program files (x86)/atmel/atmel toolchain/avr8 gcc/native/3.4.2.939/avr8-gnu-toolchain/bin/../lib/gcc/avr/4.7.2/../../../../avr/lib/avr5\libc.a(printf.o)
 .debug_frame   0x00000b4c       0x4c c:/program files (x86)/atmel/atmel toolchain/avr8 gcc/native/3.4.2.939/avr8-gnu-toolchain/bin/../lib/gcc/avr/4.7.2/../../../../avr/lib/avr5\libc.a(vfprintf_std.o)
 .debug_frame   0x00000b98       0x38 c:/program files (x86)/atmel/atmel toolchain/avr8 gcc/native/3.4.2.939/avr8-gnu-toolchain/bin/../lib/gcc/avr/4.7.2/../../../../avr/lib/avr5\libc.a(fputc.o)

.debug_str      0x00000000     0x70ea
 *(.debug_str)
 .debug_str     0x00000000     0x5538 App/ADC_HAL.o
                               0x55e3 (size before relaxing)
 .debug_str     0x00005538      0x635 App/Macros.o
                               0x593b (size before relaxing)
 .debug_str     0x00005b6d      0x670 App/ISR.o
                               0x5e77 (size before relaxing)
 .debug_str     0x000061dd       0xfd App/Filt.o
                               0x5794 (size before relaxing)
 .debug_str     0x000062da       0x5b App/Globals.o
                               0x5540 (size before relaxing)
 .debug_str     0x00006335      0xa49 App/main.o
                               0x6766 (size before relaxing)
 .debug_str     0x00006d7e       0x32 App/Init.o
                               0x5dfa (size before relaxing)
 .debug_str     0x00006db0       0x48 App/Pot_HAL.o
                               0x56a5 (size before relaxing)
 .debug_str     0x00006df8       0xdd App/Serial_HAL.o
                               0x5e6b (size before relaxing)
 .debug_str     0x00006ed5       0x60 c:/program files (x86)/atmel/atmel toolchain/avr8 gcc/native/3.4.2.939/avr8-gnu-toolchain/bin/../lib/gcc/avr/4.7.2/../../../../avr/lib/avr5\libc.a(iob.o)
                                0x10d (size before relaxing)
 .debug_str     0x00006f35       0x8d c:/program files (x86)/atmel/atmel toolchain/avr8 gcc/native/3.4.2.939/avr8-gnu-toolchain/bin/../lib/gcc/avr/4.7.2/../../../../avr/lib/avr5\libc.a(printf.o)
                                0x140 (size before relaxing)
 .debug_str     0x00006fc2       0xc6 c:/program files (x86)/atmel/atmel toolchain/avr8 gcc/native/3.4.2.939/avr8-gnu-toolchain/bin/../lib/gcc/avr/4.7.2/../../../../avr/lib/avr5\libc.a(vfprintf_std.o)
                                0x1ad (size before relaxing)
 .debug_str     0x00007088       0x62 c:/program files (x86)/atmel/atmel toolchain/avr8 gcc/native/3.4.2.939/avr8-gnu-toolchain/bin/../lib/gcc/avr/4.7.2/../../../../avr/lib/avr5\libc.a(fputc.o)
                                0x10d (size before relaxing)

.debug_loc      0x00000000     0x1bdf
 *(.debug_loc)
 .debug_loc     0x00000000       0xbe App/ADC_HAL.o
 .debug_loc     0x000000be      0x618 App/Macros.o
 .debug_loc     0x000006d6      0xa6f App/ISR.o
 .debug_loc     0x00001145       0x8e App/Filt.o
 .debug_loc     0x000011d3       0x47 App/main.o
 .debug_loc     0x0000121a       0xb1 App/Init.o
 .debug_loc     0x000012cb      0x106 App/Pot_HAL.o
 .debug_loc     0x000013d1      0x1dd App/Serial_HAL.o
 .debug_loc     0x000015ae       0x21 c:/program files (x86)/atmel/atmel toolchain/avr8 gcc/native/3.4.2.939/avr8-gnu-toolchain/bin/../lib/gcc/avr/4.7.2/../../../../avr/lib/avr5\libc.a(printf.o)
 .debug_loc     0x000015cf      0x51d c:/program files (x86)/atmel/atmel toolchain/avr8 gcc/native/3.4.2.939/avr8-gnu-toolchain/bin/../lib/gcc/avr/4.7.2/../../../../avr/lib/avr5\libc.a(vfprintf_std.o)
 .debug_loc     0x00001aec       0xf3 c:/program files (x86)/atmel/atmel toolchain/avr8 gcc/native/3.4.2.939/avr8-gnu-toolchain/bin/../lib/gcc/avr/4.7.2/../../../../avr/lib/avr5\libc.a(fputc.o)

.debug_macinfo
 *(.debug_macinfo)

.debug_pubtypes
 *(.debug_pubtypes)

.debug_ranges   0x00000000      0x2c0
 *(.debug_ranges)
 .debug_ranges  0x00000000       0x20 App/ADC_HAL.o
 .debug_ranges  0x00000020       0xd8 App/Macros.o
 .debug_ranges  0x000000f8       0xd0 App/ISR.o
 .debug_ranges  0x000001c8       0x18 App/Filt.o
 .debug_ranges  0x000001e0       0x28 App/main.o
 .debug_ranges  0x00000208       0x20 App/Init.o
 .debug_ranges  0x00000228       0x28 App/Pot_HAL.o
 .debug_ranges  0x00000250       0x40 App/Serial_HAL.o
 .debug_ranges  0x00000290       0x10 c:/program files (x86)/atmel/atmel toolchain/avr8 gcc/native/3.4.2.939/avr8-gnu-toolchain/bin/../lib/gcc/avr/4.7.2/../../../../avr/lib/avr5\libc.a(printf.o)
 .debug_ranges  0x000002a0       0x10 c:/program files (x86)/atmel/atmel toolchain/avr8 gcc/native/3.4.2.939/avr8-gnu-toolchain/bin/../lib/gcc/avr/4.7.2/../../../../avr/lib/avr5\libc.a(vfprintf_std.o)
 .debug_ranges  0x000002b0       0x10 c:/program files (x86)/atmel/atmel toolchain/avr8 gcc/native/3.4.2.939/avr8-gnu-toolchain/bin/../lib/gcc/avr/4.7.2/../../../../avr/lib/avr5\libc.a(fputc.o)

.debug_macro    0x00000000     0x30cb
 *(.debug_macro)
 .debug_macro   0x00000000       0xb4 App/ADC_HAL.o
 .debug_macro   0x000000b4      0x5aa App/ADC_HAL.o
 .debug_macro   0x0000065e       0x10 App/ADC_HAL.o
 .debug_macro   0x0000066e      0x1ad App/ADC_HAL.o
 .debug_macro   0x0000081b      0x293 App/ADC_HAL.o
 .debug_macro   0x00000aae       0x9e App/ADC_HAL.o
 .debug_macro   0x00000b4c     0x13a0 App/ADC_HAL.o
 .debug_macro   0x00001eec      0x13a App/ADC_HAL.o
 .debug_macro   0x00002026       0xbd App/ADC_HAL.o
 .debug_macro   0x000020e3       0x34 App/ADC_HAL.o
 .debug_macro   0x00002117       0x18 App/ADC_HAL.o
 .debug_macro   0x0000212f       0x6c App/ADC_HAL.o
 .debug_macro   0x0000219b       0x16 App/ADC_HAL.o
 .debug_macro   0x000021b1       0x28 App/ADC_HAL.o
 .debug_macro   0x000021d9       0xa6 App/ADC_HAL.o
 .debug_macro   0x0000227f       0xb0 App/Macros.o
 .debug_macro   0x0000232f       0x10 App/Macros.o
 .debug_macro   0x0000233f       0x69 App/Macros.o
 .debug_macro   0x000023a8       0x2e App/Macros.o
 .debug_macro   0x000023d6       0x2e App/Macros.o
 .debug_macro   0x00002404       0xd2 App/ISR.o
 .debug_macro   0x000024d6       0x22 App/ISR.o
 .debug_macro   0x000024f8       0x6c App/ISR.o
 .debug_macro   0x00002564       0x1c App/ISR.o
 .debug_macro   0x00002580       0x3a App/ISR.o
 .debug_macro   0x000025ba       0xb7 App/Filt.o
 .debug_macro   0x00002671       0x10 App/Filt.o
 .debug_macro   0x00002681       0xbd App/Globals.o
 .debug_macro   0x0000273e      0x299 App/Globals.o
 .debug_macro   0x000029d7       0x10 App/Globals.o
 .debug_macro   0x000029e7       0x46 App/Globals.o
 .debug_macro   0x00002a2d      0x131 App/main.o
 .debug_macro   0x00002b5e       0x16 App/main.o
 .debug_macro   0x00002b74       0x58 App/main.o
 .debug_macro   0x00002bcc       0x10 App/main.o
 .debug_macro   0x00002bdc       0x97 App/main.o
 .debug_macro   0x00002c73       0xeb App/main.o
 .debug_macro   0x00002d5e       0x3a App/main.o
 .debug_macro   0x00002d98       0x16 App/main.o
 .debug_macro   0x00002dae       0x10 App/main.o
 .debug_macro   0x00002dbe       0x58 App/main.o
 .debug_macro   0x00002e16       0x16 App/main.o
 .debug_macro   0x00002e2c       0x34 App/main.o
 .debug_macro   0x00002e60       0xef App/Init.o
 .debug_macro   0x00002f4f       0x99 App/Pot_HAL.o
 .debug_macro   0x00002fe8       0xe3 App/Serial_HAL.o
OUTPUT(CaRe.elf elf32-avr)
LOAD linker stubs
